2
25
50
jjjjjjjjjjjjjjjjjjjjjjjjyyyyyyyyyyyyyyyyyyyyyyyyyy
jjjjjjjjjjjjjjjjjjjjjjjjyyyyyyyyyyyyyyyyyyyyyyyyyy
jjjjjjjjjjjjjjjjjjjjjjjjyyyyyyyyyyyyyyyyyyyyyyyyyy
jjjjjjjjjjjjjjjjjjjjjjjjyyyyyyyyyyyyyyyyyyyyyyyyyy
jjjjjjjjjjjjjjjjjjjjjjjjyyyyyyyyyyyyyyyyyyyyyyyyyy
jjjjjjjjjjjjjjjjjjjjjjjjyyyyyyyyyyyyyyyyyyyyyyyyyy
jjjjjjjjjjjjjjjjjjjjjjjjyyyyyyyyyyyyyyyyyyyyyyyyyy
jjjjjjjjjjjjjjjjjjjjjjjjyyyyyyyyyyyyyyyyyyyyyyyyyy
jjjjjjjjjjjjjjjjjjjjjjjjyyyyyyyyyyyyyyyyyyyyyyyyyy
jjjjjjjjjjjjjjjjjjjjjjjjyyyyyyyyyyyyyyyyyyyyyyyyyy
jjjjjjjjjjyyyyyjjjjjjjjjyyyyyyyyyyyyyyyyyyyyyyyyyy
jjjjjjjjjjyyyyyjjjjjjjjjyyyyyyyyyyyyyyyyyyyyyyyyyy
jjjjjjjjjjyyyyyjjjjjjjjjyyyyyyyyyyyyyyyyyyyyyyyyyy
jjjjjjjjjjyyyyyjjjjjjjjjyyyyyyyyyyyyyyyyyyyyyyyyyy
jjjjjjjjjjyyyyyjjjjjjjjjyyyyyyyyyyyyyyyyyyyyyyyyyy
jjjjjjjjjjjjjjjjjjjjjjjjyyyyyyyyyyyyyyyyyyyyyyyyyy
jjjjjjjjjjjjjjjjjjjjjjjjyyyyyyyyyyyyyyyyyyyyyyyyyy
jjjjjjjjjjjjjjjjjjjjjjjjyyyyyyyyyyyyyyyyyyyyyyyyyy
jjjjjjjjjjjjjjjjjjjjjjjjyyyyyyyyyyyyyyyyyyyyyyyyyy
jjjjjjjjjjjjjjjjjjjjjjjjyyyyyyyyyyyyyyyyyyyyyyyyyy
jjjjjjjjjjjjjjjjjjjjjjjjyyyyyyyyyyyyyyyyyyyyyyyyyy
jjjjjjjjjjjjjjjjjjjjjjjjyyyyyyyyyyyyyyyyyyyyyyyyyy
jjjjjjjjjjjjjjjjjjjjjjjjyyyyyyyyyyyyyyyyyyyyyyyyyy
jjjjjjjjjjjjjjjjjjjjjjjjyyyyyyyyyyyyyyyyyyyyyyyyyy
jjjjjjjjjjjjjjjjjjjjjjjjyyyyyyyyyyyyyyyyyyyyyyyyyy
........................abbbbbbbbbbbbbbbbbbbbbbbbc
........................f........................i
........................f........................i
........................f........................i
........................f........................i
........................f........................i
........................f........................i
........................f........................i
........................f........................i
........................f........................i
..........abbbc.........f........................i
..........f...i.........f........................i
..........f...i.........f........................i
..........f...i.........f........................i
..........keeem.........f........................i
........................f........................i
........................f........................i
........................f........................i
........................f........................i
........................f........................i
........................f........................i
........................f........................i
........................f........................i
........................f........................i
.......................kkeeeeeeeeeeeeeeeeeeeeeeeem
